SQL> REMARK 1. Obtener la fecha del sistema
SQL> SELECT SYSDATE;
SELECT SYSDATE
             *
ERROR at line 1:
ORA-00923: FROM keyword not found where expected 


SQL> SELECT SYSDATE
  2  FROM DUAL;

SYSDATE                                                                         
---------                                                                       
16-NOV-23                                                                       

SQL> REMARK 2. Obtener la hora
SQL> SELECT TO_CHAR(SYSDATE, 'HH-MI-SS')
  2  FROM DUAL;

TO_CHAR(                                                                        
--------                                                                        
01-10-45                                                                        

SQL> REMARK 3. Dar la fecha del sistema con el formato día de la semana, día del mes, mes y año.
SQL> SELECT TO_CHAR(SYSDATE, 'DAY DD-MM-YYYY')
  2  FROM DUAL;

TO_CHAR(SYSDATE,'DAYDD-MM-YYYY')                                                
-----------------------------------------------                                 
THURSDAY  16-11-2023                                                            

SQL> REMARK 4. Dar la hora del sistema en formato de reloj de 24 horas
SQL> SELECT TO_CHAR(SYSDATE, 'HH24')
  2  FROM DUAL;

TO                                                                              
--                                                                              
13                                                                              

SQL> SELECT TO_CHAR(SYSDATE, 'HH24:MM')
  2  FROM DUAL;

TO_CH                                                                           
-----                                                                           
13:11                                                                           

SQL> REMARK 5. Obtener el numero de dias que lleva impartiendo la asignatura con codigo 11 el8888
SQL> 
SQL> 
SQL> SELECT SYSDATE - (SELECT FI
  2  FROM PLAN_DOCENTE
  3  WHERE DNI=8888 and CAS=11)
  4  FROM DUAL;

SYSDATE-(SELECTFIFROMPLAN_DOCENTEWHEREDNI=8888ANDCAS=11)                        
--------------------------------------------------------                        
                                              5189.55289                        

SQL> REMARK 6. Listar nombres de profesores que han impartido una asignatura mas de 365 dias
SQL> SELECT P
  2  FROM PROFESOR
  3  WHERE DNI IN
  4  (SELECT DNI FROM PLAN_DOCENTE WHERE FF-FI >= 365);

P                                                                               
------------------------------------------------------------                    
JUAN                                                                            
MARIA                                                                           
CARMEN                                                                          
DAVID                                                                           

SQL> REMARK 7. Hallar el numero de profesors del departamento 'ASTROFISICA'
SQL> SELECT COUNT(DNI)
  2  FROM PROFESOR NATURAL JOIN AREA NATURAL JOIN DEPARTAMENTO
  3  ORDER BY D;

COUNT(DNI)                                                                      
----------                                                                      
        12                                                                      

SQL> SELECT COUNT(DNI)
  2  FROM PROFESOR NATURAL JOIN AREA NATURAL JOIN DEPARTAMENTO
  3  GROUP BY D
  4  ORDER BY D;

COUNT(DNI)                                                                      
----------                                                                      
         3                                                                      
         1                                                                      
         7                                                                      
         1                                                                      

SQL> SELECT COUNT(DNI)
  2  FROM(SELECT DISTINT DNI
  3  FROM PROFESOR NATURAL JOIN AREA NATURAL JOIN DEPARTAMENTO
  4  WHERE D='ASTROFISICA');
FROM(SELECT DISTINT DNI
            *
ERROR at line 2:
ORA-00904: "DISTINT": invalid identifier 


SQL> SELECT COUNT(DNI)
  2  FROM(SELECT DISTINT DNI
  3  FROM PROFESOR NATURAL JOIN AREA NATURAL JOIN DEPARTAMENTO
  4  FROM PROFESOR NATURAL JOIN AREA NATURAL JOIN DEPARTAMENTO
  5  ;
FROM PROFESOR NATURAL JOIN AREA NATURAL JOIN DEPARTAMENTO
*
ERROR at line 4:
ORA-00907: missing right parenthesis 


SQL> SELECT COUNT(DNI)
  2  FROM(SELECT DISTINCT DNI
  3  FROM PROFESOR NATURAL JOIN AREA NATURAL JOIN DEPARTAMENTO
  4  WHERE D='ASTROFISICA');

COUNT(DNI)                                                                      
----------                                                                      
         1                                                                      

SQL> spool off
SQL> 
SQL> REMARK 8. Hallar para cada departamento el número de profesores que tiene. Ordena la salida
SQL> alfabéticamente
SP2-0734: unknown command beginning "alfabétic..." - rest of line ignored.
SQL> REMARK 8. Hallar para cada departamento el numero de profesor que tiene. Ordena la salida alfabeticamente
SQL> SELECT D, COUNT(DNI)
  2  FROM PROFESOR NATURAL JOIN AREA NATURAL JOIN DEPARTAMENTO
  3  GROUP BY D
  4  ORDER BY D;

D                                                            COUNT(DNI)         
------------------------------------------------------------ ----------         
ANALISIS MATEMATICO                                                   3         
ASTROFISICA                                                           1         
ESTADISTICA, INVESTIGACION OPERATIVA Y COMPUTACION                    7         
MATEMATICA FUNDAMENTAL                                                1         

SQL> 
SQL> REMARK 9. Hallar el cuantas titulaciones imparte el departamento de 'ESTADISTICA, INVESTIGACION OPERATIVA Y COMPUTACION'
SQL> SELECT COUNT(DISTINCT(T) NUM_TITULACIONE
  2  FROM ASIGNATURA WHERE CAS IN
  3  (SELECT CAS FROM AREA NATURAL JOIN DEPARTAMENTO WHERE D='ESTADISTICA, INVESTIGACION OPERATIVA Y COMPUTACION');
SELECT COUNT(DISTINCT(T) NUM_TITULACIONE
                         *
ERROR at line 1:
ORA-00907: missing right parenthesis 


SQL> 
SQL> 
SQL> 
SQL> 
SQL> 
SQL> 
SQL> 
SQL> SELECT COUNT(DISTINCT(T) NUM_TITULACIONE
  2  FROM ASIGNATURA WHERE CAS IN
  3  FROM AREA NAT;JOIN
  4  
SQL> 
SQL> 
SQL> 
SQL> 
SQL> 
SQL> 
SQL> 
SQL> 
SQL> spool off
SQL> SELECT COUNT(DISTINCT(T) Num_titulaciones
  2  FROM ASIGNATURA WHERE CAS IN
  3  (SELECT CAS FROM AREA NATURAL JOIN DEPARTAMENTO
  4  WHERE D='ESTADISTICA, INVESTIGACION OPERATIVA Y COMPUTACION');
SELECT COUNT(DISTINCT(T) Num_titulaciones
                         *
ERROR at line 1:
ORA-00907: missing right parenthesis 


SQL> SELECT COUNT(DISTINCT(T)) Num_titulaciones
  2  FROM ASIGNATURA WHERE CAS IN
  3  (SELECT CAS FROM AREA NATURAL JOIN DEPARTAMENTO
  4  WHERE D='ESTADISTICA, INVESTIGACION OPERATIVA Y COMPUTACION');

NUM_TITULACIONES                                                                
----------------                                                                
               4                                                                

SQL> SPOOL OFF
SQL> REM 10
SQL> SELECT COUNT(P)
  2  FROM AREA NATURAL JOIN PROFESOR
  3  WHERE AR LIKE 'A%';

  COUNT(P)                                                                      
----------                                                                      
         3                                                                      

SQL> REM 11
SQL> SELECT COUNT(A)
  2  FROM ASIGNATURA;

  COUNT(A)                                                                      
----------                                                                      
        12                                                                      

SQL> SELECT T, COUNT(CAS)
  2  FROM ASIGNATURA
  3  GROUP BY T
  4  ORDER BY T;

T    COUNT(CAS)                                                                 
---- ----------                                                                 
GF            1                                                                 
GII           7                                                                 
GM            2                                                                 
MII           2                                                                 

SQL> REM 12
SQL> SELECT A
  2  FROM ASIGNATURA
  3  WHERE CT IN(SELECT MAX(CT) FROM ASIGNATURA);

A                                                                               
--------------------------------------------------                              
DIDACTICA DE LA MATEMATICA                                                      

SQL> REM 13
SQL> SELECT A
  2  FROM ASIGNATURA
  3  WHERE CT IN(SELECT MIN(CT) FROM ASIGNATURA);

A                                                                               
--------------------------------------------------                              
INTELIGENCIA ARTIFICIAL                                                         
ALMACENES DE DATOS                                                              
MINERIA DE DATOS                                                                

SQL> REM 14
SQL> SELECT A, CT+CP+CL AS "Creditos Totales"
  2  FROM ASIGNATURA;

A                                                  Creditos Totales             
-------------------------------------------------- ----------------             
BASES DE DATOS                                                    6             
INTELIGENCIA ARTIFICIAL                                           6             
ALMACENES DE DATOS                                                3             
MINERIA DE DATOS                                                  3             
INFORMATICA BASICA                                                6             
ALGEBRA                                                           6             
CALCULO                                                           6             
OPTIMIZACION                                                      6             
GESTION DE RIESGOS                                                6             
ASTRONOMIA                                                        6             
DIDACTICA DE LA MATEMATICA                                        6             

A                                                  Creditos Totales             
-------------------------------------------------- ----------------             
ANALISIS COMPLEJO                                               7.5             

12 rows selected.

SQL> SPOOL OFF
SQL> REM 15
SQL> SELECT A
  2  FROM ASIGNATURA WHERE CT+CP+CL IN
  3  (SELECT MAX(CT+CP+CL) FROM ASIGNATURA);

A                                                                               
--------------------------------------------------                              
ANALISIS COMPLEJO                                                               

SQL> REM 16
SQL> FROM ASIGNATURA WHERE CT+CP+CL IN
SP2-0734: unknown command beginning "FROM ASIGN..." - rest of line ignored.
SQL> SELECT A
  2  FROM ASIGNATURA WHERE CT+CP+CL IN
  3  (SELECT MIN(CT+CP+CL) FROM ASIGNATURA);

A                                                                               
--------------------------------------------------                              
ALMACENES DE DATOS                                                              
MINERIA DE DATOS                                                                

SQL> REM 17
SQL> SELECT AR
  2  FROM AREA WHERE CAR IN
  3  (SELECT MAX(CT+CP+CL) FROM ASIGNATURA;
(SELECT MAX(CT+CP+CL) FROM ASIGNATURA
                                    *
ERROR at line 3:
ORA-00907: missing right parenthesis 


SQL> SELECT AR
  2  FROM AREA WHERE CAR IN
  3  (SELECT CAR FROM ASIGNATURA WHERE CT+CP+CL IN
  4  (SELECT MAX(CT+CP+CL) FROM ASIGNATURA));

AR                                                                              
------------------------------------------------------------                    
ANALISIS MATEMATICO                                                             

SQL> REM 18
SQL> SELECT COUNT(CAS)
  2  FROM PLAN_DOCENTE WHERE DNI=1111 AND FF IS NULL;

COUNT(CAS)                                                                      
----------                                                                      
         1                                                                      

SQL> REM 19
SQL> SELECT SUM(CTA+CPA+CLA) Creditos_1111
  2  FROM PLAN_DOCENTE WHERE DNI=1111;

CREDITOS_1111                                                                   
-------------                                                                   
            9                                                                   

SQL> REM 20
SQL> SELECT P
  2  FROM PROFESOR
  3  WHERE DNI IN
  4  (SELECT DNI FROM PLAN_DOCENTE WHERE (CTA+CPA+CLA) IN (SELECT MAX(CTA+CPA+CLA) FROM PLAN_DOCENTE)
  5  AND FF IS NULL);

P                                                                               
------------------------------------------------------------                    
MARIO                                                                           

SQL> SPOOL OFF
SQL> REM 21
SQL> SELECT AVG(COUNT(A)) Media
  2  FROM ASIGNATURA
  3  GROUP BY CAR;

     MEDIA                                                                      
----------                                                                      
       1.5                                                                      

SQL> REM 22
SQL> SELECT AVG(COUNT(P)) Media_Profesores
  2  FROM PROFESOR, AREA
  3  WHERE PROFESOR.CAR=AREA.CAR
  4  GROUP BY CD;

MEDIA_PROFESORES                                                                
----------------                                                                
               3                                                                

SQL> REM 23
SQL> SELECT AR FROM AREA
  2  WHERE CAR IN
  3  (SELECT CAT FROM ASIGNATURA)
  4  GROUP BY CAR
  5  HAVING COUNT(CAR)>6);
HAVING COUNT(CAR)>6)
                   *
ERROR at line 5:
ORA-00933: SQL command not properly ended 


SQL> SELECT AR
  2  FROM AREA
  3  WHERE CAR IN
  4  (SELECT CAR FROM ASIGNATURA
  5  GROUP BY CAR
  6  HAVING COUNT(CAR)>6);

no rows selected

SQL> REM 24
SQL> SELECT AR
  2  FROM AREA
  3  WHERE CAR IN
  4  (SELECT CAR FROM ASIGNATURA
  5  GROUP BY CAR
  6  HAVING COUNT(CAR)>3);

AR                                                                              
------------------------------------------------------------                    
LENGUAJES Y SISTEMAS INFORMATICOS                                               

SQL> REM 25
SQL> SELECT D
  2  FROM DEPARTAMENTO, AREA, PROFESOR
  3  WHERE PROFESOR.CAR=ARE.CAR AND AREA.CD=DEPARTAMENTO.CD
  4  GROUP BY D
  5  HAVING COUNT(DNI)=(SELECT MIN(COUNT(DNI))
  6  FROM DEPARTAMENTO, AREA, PROFESOR
  7  WHERE PROFESOR.CAR=AREA.CAR AND AREA.CD=DEPARTAMENTO.CD
  8  GROUP BY D);
WHERE PROFESOR.CAR=ARE.CAR AND AREA.CD=DEPARTAMENTO.CD
                   *
ERROR at line 3:
ORA-00904: "ARE"."CAR": invalid identifier 


SQL> SELECT D
  2  FROM DEPARTAMENTO, AREA, PROFESOR
  3  WHERE PROFESOR.CAR=AREA.CAR AND AREA.CD=DEPARTAMENTO.CD
  4  GROUP BY D);
GROUP BY D)
          *
ERROR at line 4:
ORA-00933: SQL command not properly ended 


SQL> SELECT D
  2  FROM DEPARTAMENTO, AREA, PROFESOR
  3  WHERE PROFESOR.CAR=AREA.CAR AND AREA.CD=DEPARTAMENTO.CD
  4  GROUP BY D
  5  HAVING COUNT(DNI)=(SELECT MIN(COUNT(DNI))
  6  FROM DEPARTAMENTO, AREA, PROFESOR
  7  WHERE PROFESOR.CAR=AREA.CAR AND AREA.CD=DEPARTAMENTO.CD
  8  GROUP BY D);

D                                                                               
------------------------------------------------------------                    
ASTROFISICA                                                                     
MATEMATICA FUNDAMENTAL                                                          

SQL> SPOOL OFF
