SQL> SYSDATE
SP2-0042: unknown command "SYSDATE" - rest of line ignored.
SQL> SYSDATE;
SP2-0042: unknown command "SYSDATE" - rest of line ignored.
SQL> SELECT SYSDATE FROM DUAL;

SYSDATE                                                                         
---------                                                                       
28-NOV-23                                                                       

SQL> REM 1
SQL> SELECT A
  2  FROM ASIGNATURA WHERE
  3  CAR IN (SELECT CAR FROM AREA WHERE AR LIKE 'A%');

A                                                                               
--------------------------------------------------                              
ALGEBRA                                                                         
ANALISIS COMPLEJO                                                               
ASTRONOMIA                                                                      

SQL> REM 2
SQL> SELECT A
  2  FROM ASIGNATURA WHERE
  3  CAR IN (SELECT CAR FROM AREA WHERE AR LIKE '%A');

A                                                                               
--------------------------------------------------                              
ALGEBRA                                                                         
ASTRONOMIA                                                                      
DIDACTICA DE LA MATEMATICA                                                      
OPTIMIZACION                                                                    
CALCULO                                                                         

SQL> REM 3
SQL> SELECT A
  2  FROM ASIGNATURA
  3  WHERE A LIKE '%DATOS%';

A                                                                               
--------------------------------------------------                              
BASES DE DATOS                                                                  
ALMACENES DE DATOS                                                              
MINERIA DE DATOS                                                                

SQL> REM 4
SQL> SELECT DNI
  2  FROM PROFESOR
  3  WHERE P LIKE '__R%';

       DNI                                                                      
----------                                                                      
      2222                                                                      
      4444                                                                      
      6666                                                                      
      7777                                                                      

SQL> REM 5
SQL> SELECT UNIQUE P
  2  FROM PROFESOR
  3  WHERE LENGTH(P) <= 5;

P                                                                               
------------------------------------------------------------                    
MARIO                                                                           
JUAN                                                                            
PEDRO                                                                           
IVAN                                                                            
DAVID                                                                           
MARIA                                                                           

6 rows selected.

SQL> REM 6
SQL> SELECT UNIQUE P
  2  FROM PROFESOR WHERE(P) >= 5;
FROM PROFESOR WHERE(P) >= 5
                    *
ERROR at line 2:
ORA-01722: invalid number 


SQL> SELECT UNIQUE P
  2  FROM PROFESOR
  3  WHERE LENGTH(P) >= 5;

P                                                                               
------------------------------------------------------------                    
MARIO                                                                           
PEDRO                                                                           
FRANCISCO                                                                       
SOLEDAD                                                                         
CARLOS                                                                          
CARMEN                                                                          
DAVID                                                                           
MARIA                                                                           
JOSE MANUEL                                                                     
ANGELA                                                                          

10 rows selected.

SQL> REM 7
SQL> SELECT UNIQUE P
  2  FROM PROFESOR NATURAL JOIN PLAN_DOCENTE
  3  WHERE FF IS NULL AND FI < SYSDATE;

P                                                                               
------------------------------------------------------------                    
MARIO                                                                           
JUAN                                                                            
PEDRO                                                                           
FRANCISCO                                                                       
SOLEDAD                                                                         
DAVID                                                                           
CARLOS                                                                          
IVAN                                                                            
MARIA                                                                           
JOSE MANUEL                                                                     
ANGELA                                                                          

11 rows selected.

SQL> REM 8
SQL> SELECT P
  2  FROM PROFESOR NATURAL JOIN ASIGNATURA
  3  WHERE CAS = 8;

P                                                                               
------------------------------------------------------------                    
JUAN                                                                            
JOSE MANUEL                                                                     

SQL> REM 9
SQL> SELECT * FROM PLAN_DOCENTE
  2  ORDER BY FF ASC;

       DNI        CAS        CTA        CPA        CLA FI        FF             
---------- ---------- ---------- ---------- ---------- --------- ---------      
      2222          3        1.5          0        1.5 01-SEP-06 31-AUG-07      
      1010          2        1.5        1.5          3 01-SEP-05 31-AUG-08      
      1010          9          3          0          3 01-SEP-08 31-AUG-09      
      1111          8          3        1.5        1.5 01-SEP-07 31-AUG-09      
      4444          4        1.5          0        1.5 01-SEP-08 31-AUG-10      
      6666         10          3        1.5        1.5 01-SEP-08 31-AUG-11      
      1010          9        1.5          0        1.5 01-SEP-09                
      9999          7          3          3          0 01-SEP-10                
      5555          6          3          3          0 31-MAR-10                
      8888         11          6          0          0 01-SEP-09                
      2020          3        1.5          0        1.5 01-SEP-08                

       DNI        CAS        CTA        CPA        CLA FI        FF             
---------- ---------- ---------- ---------- ---------- --------- ---------      
      7777         12        4.5          3          0 01-SEP-10                
      3333          9        1.5          0        1.5 01-SEP-09                
      2222          4        1.5          0        1.5 01-SEP-09                
      3030          8          0        1.5        1.5 01-SEP-09                
      1111          8          3          0          0 01-SEP-09                
      4444          5          3          0          0 01-SEP-10                
      4444          1          3        1.5        1.5 01-SEP-11                
      3333          2        1.5        1.5          3 01-SEP-08                

19 rows selected.

SQL> REM 9
SQL> REM 10
SQL> SELECT * FROM PLAN_DOCENTE
  2  ORDER BY FF DESC;

       DNI        CAS        CTA        CPA        CLA FI        FF             
---------- ---------- ---------- ---------- ---------- --------- ---------      
      4444          1          3        1.5        1.5 01-SEP-11                
      3333          2        1.5        1.5          3 01-SEP-08                
      7777         12        4.5          3          0 01-SEP-10                
      2020          3        1.5          0        1.5 01-SEP-08                
      8888         11          6          0          0 01-SEP-09                
      5555          6          3          3          0 31-MAR-10                
      9999          7          3          3          0 01-SEP-10                
      4444          5          3          0          0 01-SEP-10                
      1111          8          3          0          0 01-SEP-09                
      3030          8          0        1.5        1.5 01-SEP-09                
      2222          4        1.5          0        1.5 01-SEP-09                

       DNI        CAS        CTA        CPA        CLA FI        FF             
---------- ---------- ---------- ---------- ---------- --------- ---------      
      3333          9        1.5          0        1.5 01-SEP-09                
      1010          9        1.5          0        1.5 01-SEP-09                
      6666         10          3        1.5        1.5 01-SEP-08 31-AUG-11      
      4444          4        1.5          0        1.5 01-SEP-08 31-AUG-10      
      1010          9          3          0          3 01-SEP-08 31-AUG-09      
      1111          8          3        1.5        1.5 01-SEP-07 31-AUG-09      
      1010          2        1.5        1.5          3 01-SEP-05 31-AUG-08      
      2222          3        1.5          0        1.5 01-SEP-06 31-AUG-07      

19 rows selected.

SQL> REM 11
SQL> SELECT P
  2  FROM PROFESOR NATURAL JOIN PLAN_DOCENTE NATURAL JOIN ASIGNATURA
  3  WHERE A = 'OPTIMIZACION' AND T='GII'
  4  ORDER BY P ASC;

P                                                                               
------------------------------------------------------------                    
JOSE MANUEL                                                                     
JUAN                                                                            
JUAN                                                                            

SQL> REM 12
SQL> SELECT UNIQUE P
  2  FROM PROFESOR NATURAL JOIN AREA NATURAL JOIN DEPARTAMENTO
  3  WHERE D = 'MATEMATICA FUNDAMENTAL'
  4  ORDER BY P ASC;

P                                                                               
------------------------------------------------------------                    
IVAN                                                                            

SQL> SPOOL OFF
SQL> REM 13
SQL> SELECT UNIQUE A
  2  FROM ASIGNATURA NATURAL JOIN PLAN_DOCENTE
  3  WHERE DNI = 1010;

A                                                                               
--------------------------------------------------                              
GESTION DE RIESGOS                                                              
INTELIGENCIA ARTIFICIAL                                                         

SQL> REM 14
SQL> SELECT UNIQUE A
  2  FROM ASAIGNATURA NATURAL JOIN PLAN_DOCENTE
  3  WHERE P = 'DAVID';
FROM ASAIGNATURA NATURAL JOIN PLAN_DOCENTE
     *
ERROR at line 2:
ORA-00942: table or view does not exist 


SQL> SELECT UNIQUE A
  2  FROM ASIGNATURA NATURAL JOIN PLAN_DOCENTE
  3  WHERE P = 'DAVID';
WHERE P = 'DAVID'
      *
ERROR at line 3:
ORA-00904: "P": invalid identifier 


SQL> SELECT UNIQUE A
  2  FROM ASIGNATURA NATURAL JOIN PLAN_DOCENTE
  3  NATURAL JOIN PROFESOR
  4  WHERE P = 'DAVID';

A                                                                               
--------------------------------------------------                              
GESTION DE RIESGOS                                                              
INTELIGENCIA ARTIFICIAL                                                         

SQL> REM 15
SQL> SELECT AR
  2  FROM AREA NATURAL JOIN DEPARTAMENTO
  3  WHERE D = 'ESTADISTICA, INVESTIGACION OPERATIVA Y COMPUTACION';

AR                                                                              
------------------------------------------------------------                    
CIENCIAS DE LA COMPUTACION E INTELIGENCIA ARTIFICIAL                            
ESTADISTICA E INVESTIGACION OPERATIVA                                           
LENGUAJES Y SISTEMAS INFORMATICOS                                               

SQL> REM 16
SQL> SELECT A FROM ASIGNATURA NATURAL JOIN PLAN_DOCENTE NATURAL JOIN PROFESOR
  2  WHERE CAT = 'CU';

A                                                                               
--------------------------------------------------                              
OPTIMIZACION                                                                    
OPTIMIZACION                                                                    
ALMACENES DE DATOS                                                              

SQL> REM 17
SQL> SELECT UNIQUE A
  2  FROM ASIGNATURAS NATURAL JOIN PLAN_DOCENTE NATURAL JOIN PROFESOR
  3  WHERE DNI=ALL(SELECT DNI FROM PROFESOR WHERE CAT='CU');
FROM ASIGNATURAS NATURAL JOIN PLAN_DOCENTE NATURAL JOIN PROFESOR
     *
ERROR at line 2:
ORA-00942: table or view does not exist 


SQL> SELECT UNIQUE A
  2  FROM ASIGNATURA NATURAL JOIN PLAN_DOCENTE NATURAL JOIN PROFESOR
  3  WHERE DNI=ALL(SELECT DNI FROM PROFESOR WHERE CAT='CU');

no rows selected

SQL> REM 18
SQL> SELECT A
  2  FROM ASIGNATURA NATURAL JOIN AREA
  3  WHERE AR = 'LENGUAJES Y SISTEMAS INFORMATICOS' OR AR = 'CIENCIAS DE LA COMPUTACION E INTELIGENCIA ARTIFICIAL';

A                                                                               
--------------------------------------------------                              
GESTION DE RIESGOS                                                              
INTELIGENCIA ARTIFICIAL                                                         
INFORMATICA BASICA                                                              
MINERIA DE DATOS                                                                
ALMACENES DE DATOS                                                              
BASES DE DATOS                                                                  

6 rows selected.

SQL> SPOOL OFF
SQL> rem 19
SQL> SELECT P
  2  FROM PROFESOR NATURAL JOIN ASIGNATURA NATURAL JOIN PLAN_DOCENTE
  3  WHERE (T='GII' OR T='MII');

P                                                                               
------------------------------------------------------------                    
JUAN                                                                            
JUAN                                                                            
CARLOS                                                                          
CARLOS                                                                          
PEDRO                                                                           
PEDRO                                                                           
MARIA                                                                           
MARIA                                                                           
MARIA                                                                           
IVAN                                                                            
ANGELA                                                                          

P                                                                               
------------------------------------------------------------                    
DAVID                                                                           
DAVID                                                                           
DAVID                                                                           
SOLEDAD                                                                         
JOSE MANUEL                                                                     

16 rows selected.

SQL> SELECT P
  2  FROM PROFESOR NATURAL JOIN ASIGNATURA NATURAL JOIN PLAN_DOCENTE
  3  WHERE (T='GII' OR T='MII') AND FI < SYSDATE AND FF IS NULL;

P                                                                               
------------------------------------------------------------                    
JUAN                                                                            
CARLOS                                                                          
PEDRO                                                                           
PEDRO                                                                           
MARIA                                                                           
MARIA                                                                           
IVAN                                                                            
ANGELA                                                                          
DAVID                                                                           
SOLEDAD                                                                         
JOSE MANUEL                                                                     

11 rows selected.

SQL> SELECT DISTINCT P
  2  FROM PROFESOR NATURAL JOIN ASIGNATURA NATURAL JOIN PLAN_DOCENTE
  3  WHERE (T='GII' OR T='MII') AND FI < SYSDATE AND FF IS NULL;

P                                                                               
------------------------------------------------------------                    
JUAN                                                                            
PEDRO                                                                           
SOLEDAD                                                                         
CARLOS                                                                          
IVAN                                                                            
DAVID                                                                           
MARIA                                                                           
JOSE MANUEL                                                                     
ANGELA                                                                          

9 rows selected.

SQL> REM 20
SQL> SELECT DISTINCT P
  2  FROM PROFESOR NATURAL JOIN ASIGNATURA NATURAL JOIN PLAN_DOCENTE
  3  WHERE T = 'GII' AND T = 'MII' AND FI < SYSDATE AND FF IS NULL;

no rows selected

SQL> REM 21
SQL> SELECT P
  2  FROM PROFESOR
  3  WHERE DNI NOT IN
  4  (SELECT DNI FROM PLAN_DOCENTE WHERE FF IN NULL);

P                                                                               
------------------------------------------------------------                    
DAVID                                                                           
JUAN                                                                            
SOLEDAD                                                                         
CARLOS                                                                          
JOSE MANUEL                                                                     
PEDRO                                                                           
MARIA                                                                           
IVAN                                                                            
CARMEN                                                                          
MARIO                                                                           
FRANCISCO                                                                       

P                                                                               
------------------------------------------------------------                    
ANGELA                                                                          

12 rows selected.

SQL> SELECT P
  2  FROM PROFESOR
  3  WHERE DNI NOT IN (SELECT DNI FROM PROFESOR MINUS SELECT DNI FROM PLAN_DOCENTE WHERE FF IS NULL);

P                                                                               
------------------------------------------------------------                    
DAVID                                                                           
JUAN                                                                            
SOLEDAD                                                                         
CARLOS                                                                          
JOSE MANUEL                                                                     
PEDRO                                                                           
MARIA                                                                           
IVAN                                                                            
MARIO                                                                           
FRANCISCO                                                                       
ANGELA                                                                          

11 rows selected.

SQL> SELECT P
  2  WHERE DNI IN (SELECT DNI FROM PROFESOR MINUS SELECT DNI FROM PLAN_DOCENTE WHERE FF IS NULL);
WHERE DNI IN (SELECT DNI FROM PROFESOR MINUS SELECT DNI FROM PLAN_DOCENTE WHERE FF IS NULL)
*
ERROR at line 2:
ORA-00923: FROM keyword not found where expected 


SQL> SELECT P
  2  FROM PROFESOR
  3  WHERE DNI IN (SELECT DNI FROM PROFESOR MINUS SELECT DNI FROM PLAN_DOCENTE WHERE FF IS NULL);

P                                                                               
------------------------------------------------------------                    
CARMEN                                                                          

SQL> REM 22
SQL> SELECT A
  2  FROM ASIGNATURA
  3  WHERE T = 'GII';

A                                                                               
--------------------------------------------------                              
BASES DE DATOS                                                                  
INTELIGENCIA ARTIFICIAL                                                         
INFORMATICA BASICA                                                              
ALGEBRA                                                                         
CALCULO                                                                         
OPTIMIZACION                                                                    
GESTION DE RIESGOS                                                              

7 rows selected.

SQL> REM 23
SQL> SELECT AR, A
  2  FROM AREA
  3  NATURAL JOIN ASIGNATURA;

AR                                                                              
------------------------------------------------------------                    
A                                                                               
--------------------------------------------------                              
ALGEBRA                                                                         
ALGEBRA                                                                         
                                                                                
ANALISIS MATEMATICO                                                             
ANALISIS COMPLEJO                                                               
                                                                                
ASTRONOMIA Y ASTROFISICA                                                        
ASTRONOMIA                                                                      
                                                                                

AR                                                                              
------------------------------------------------------------                    
A                                                                               
--------------------------------------------------                              
CIENCIAS DE LA COMPUTACION E INTELIGENCIA ARTIFICIAL                            
GESTION DE RIESGOS                                                              
                                                                                
CIENCIAS DE LA COMPUTACION E INTELIGENCIA ARTIFICIAL                            
INTELIGENCIA ARTIFICIAL                                                         
                                                                                
DIDACTICA DE LA MATEMATICA                                                      
DIDACTICA DE LA MATEMATICA                                                      
                                                                                

AR                                                                              
------------------------------------------------------------                    
A                                                                               
--------------------------------------------------                              
ESTADISTICA E INVESTIGACION OPERATIVA                                           
OPTIMIZACION                                                                    
                                                                                
LENGUAJES Y SISTEMAS INFORMATICOS                                               
INFORMATICA BASICA                                                              
                                                                                
LENGUAJES Y SISTEMAS INFORMATICOS                                               
MINERIA DE DATOS                                                                
                                                                                

AR                                                                              
------------------------------------------------------------                    
A                                                                               
--------------------------------------------------                              
LENGUAJES Y SISTEMAS INFORMATICOS                                               
ALMACENES DE DATOS                                                              
                                                                                
LENGUAJES Y SISTEMAS INFORMATICOS                                               
BASES DE DATOS                                                                  
                                                                                
MATEMATICA APLICADA                                                             
CALCULO                                                                         
                                                                                

12 rows selected.

SQL> REM 24
SQL> SELECT D, AR
  2  FROM DEPARTAMENTO NATURAL JOIN AREA
  3  ORDER BY D, AR;

D                                                                               
------------------------------------------------------------                    
AR                                                                              
------------------------------------------------------------                    
ANALISIS MATEMATICO                                                             
ANALISIS MATEMATICO                                                             
                                                                                
ANALISIS MATEMATICO                                                             
DIDACTICA DE LA MATEMATICA                                                      
                                                                                
ANALISIS MATEMATICO                                                             
MATEMATICA APLICADA                                                             
                                                                                

D                                                                               
------------------------------------------------------------                    
AR                                                                              
------------------------------------------------------------                    
ASTROFISICA                                                                     
ASTRONOMIA Y ASTROFISICA                                                        
                                                                                
ESTADISTICA, INVESTIGACION OPERATIVA Y COMPUTACION                              
CIENCIAS DE LA COMPUTACION E INTELIGENCIA ARTIFICIAL                            
                                                                                
ESTADISTICA, INVESTIGACION OPERATIVA Y COMPUTACION                              
ESTADISTICA E INVESTIGACION OPERATIVA                                           
                                                                                

D                                                                               
------------------------------------------------------------                    
AR                                                                              
------------------------------------------------------------                    
ESTADISTICA, INVESTIGACION OPERATIVA Y COMPUTACION                              
LENGUAJES Y SISTEMAS INFORMATICOS                                               
                                                                                
MATEMATICA FUNDAMENTAL                                                          
ALGEBRA                                                                         
                                                                                

8 rows selected.

SQL> SET LINESIZE 180
SQL> SELECT D, AR
  2  FROM DEPARTAMENTO NATURAL JOIN AREA
  3  ORDER BY D, AR;

D                                                            AR                                                                                                                     
------------------------------------------------------------ ------------------------------------------------------------                                                           
ANALISIS MATEMATICO                                          ANALISIS MATEMATICO                                                                                                    
ANALISIS MATEMATICO                                          DIDACTICA DE LA MATEMATICA                                                                                             
ANALISIS MATEMATICO                                          MATEMATICA APLICADA                                                                                                    
ASTROFISICA                                                  ASTRONOMIA Y ASTROFISICA                                                                                               
ESTADISTICA, INVESTIGACION OPERATIVA Y COMPUTACION           CIENCIAS DE LA COMPUTACION E INTELIGENCIA ARTIFICIAL                                                                   
ESTADISTICA, INVESTIGACION OPERATIVA Y COMPUTACION           ESTADISTICA E INVESTIGACION OPERATIVA                                                                                  
ESTADISTICA, INVESTIGACION OPERATIVA Y COMPUTACION           LENGUAJES Y SISTEMAS INFORMATICOS                                                                                      
MATEMATICA FUNDAMENTAL                                       ALGEBRA                                                                                                                

8 rows selected.

SQL> REM 23
SQL> SELECT AR, A
  2  FROM AREA NATURAL JOIN ASIGNATURA;

AR                                                           A                                                                                                                      
------------------------------------------------------------ --------------------------------------------------                                                                     
ALGEBRA                                                      ALGEBRA                                                                                                                
ANALISIS MATEMATICO                                          ANALISIS COMPLEJO                                                                                                      
ASTRONOMIA Y ASTROFISICA                                     ASTRONOMIA                                                                                                             
CIENCIAS DE LA COMPUTACION E INTELIGENCIA ARTIFICIAL         GESTION DE RIESGOS                                                                                                     
CIENCIAS DE LA COMPUTACION E INTELIGENCIA ARTIFICIAL         INTELIGENCIA ARTIFICIAL                                                                                                
DIDACTICA DE LA MATEMATICA                                   DIDACTICA DE LA MATEMATICA                                                                                             
ESTADISTICA E INVESTIGACION OPERATIVA                        OPTIMIZACION                                                                                                           
LENGUAJES Y SISTEMAS INFORMATICOS                            INFORMATICA BASICA                                                                                                     
LENGUAJES Y SISTEMAS INFORMATICOS                            MINERIA DE DATOS                                                                                                       
LENGUAJES Y SISTEMAS INFORMATICOS                            ALMACENES DE DATOS                                                                                                     
LENGUAJES Y SISTEMAS INFORMATICOS                            BASES DE DATOS                                                                                                         

AR                                                           A                                                                                                                      
------------------------------------------------------------ --------------------------------------------------                                                                     
MATEMATICA APLICADA                                          CALCULO                                                                                                                

12 rows selected.

SQL> spool off
SQL> REM 25
SQL> SELECT D, P
  2  FROM DEPARTAMENTO NATURAL JOIN AREA NATURAL JOIN PROFESOR
  3  ORDER BY D, P;

D                                                            P                                                                                                                      
------------------------------------------------------------ ------------------------------------------------------------                                                           
ANALISIS MATEMATICO                                          ANGELA                                                                                                                 
ANALISIS MATEMATICO                                          FRANCISCO                                                                                                              
ANALISIS MATEMATICO                                          MARIO                                                                                                                  
ASTROFISICA                                                  CARMEN                                                                                                                 
ESTADISTICA, INVESTIGACION OPERATIVA Y COMPUTACION           CARLOS                                                                                                                 
ESTADISTICA, INVESTIGACION OPERATIVA Y COMPUTACION           DAVID                                                                                                                  
ESTADISTICA, INVESTIGACION OPERATIVA Y COMPUTACION           JOSE MANUEL                                                                                                            
ESTADISTICA, INVESTIGACION OPERATIVA Y COMPUTACION           JUAN                                                                                                                   
ESTADISTICA, INVESTIGACION OPERATIVA Y COMPUTACION           MARIA                                                                                                                  
ESTADISTICA, INVESTIGACION OPERATIVA Y COMPUTACION           PEDRO                                                                                                                  
ESTADISTICA, INVESTIGACION OPERATIVA Y COMPUTACION           SOLEDAD                                                                                                                

D                                                            P                                                                                                                      
------------------------------------------------------------ ------------------------------------------------------------                                                           
MATEMATICA FUNDAMENTAL                                       IVAN                                                                                                                   

12 rows selected.

SQL> SPOOL OFFF
